2026/06/04 23:00:57 [notice] 1#1: using the "epoll" event method
2026/06/04 23:00:57 [notice] 1#1: nginx/1.31.1
2026/06/04 23:00:57 [notice] 1#1: built by gcc 15.2.0 (Alpine 15.2.0) 
2026/06/04 23:00:57 [notice] 1#1: OS: Linux 7.0.0-22-generic
2026/06/04 23:00:57 [notice] 1#1: getrlimit(RLIMIT_NOFILE): 1024:524288
2026/06/04 23:00:57 [notice] 1#1: start worker processes
2026/06/04 23:00:57 [notice] 1#1: start worker process 30
2026/06/04 23:26:44 [notice] 1#1: signal 3 (SIGQUIT) received, shutting down
2026/06/04 23:26:44 [notice] 30#30: gracefully shutting down
2026/06/04 23:26:44 [notice] 30#30: exiting
2026/06/04 23:26:44 [notice] 30#30: exit
2026/06/04 23:26:44 [notice] 1#1: signal 17 (SIGCHLD) received from 30
2026/06/04 23:26:44 [notice] 1#1: worker process 30 exited with code 0
2026/06/04 23:26:44 [notice] 1#1: exit
2026/06/04 23:27:23 [notice] 1#1: using the "epoll" event method
2026/06/04 23:27:23 [notice] 1#1: nginx/1.31.1
2026/06/04 23:27:23 [notice] 1#1: built by gcc 15.2.0 (Alpine 15.2.0) 
2026/06/04 23:27:23 [notice] 1#1: OS: Linux 7.0.0-22-generic
2026/06/04 23:27:23 [notice] 1#1: getrlimit(RLIMIT_NOFILE): 1024:524288
2026/06/04 23:27:23 [notice] 1#1: start worker processes
2026/06/04 23:27:23 [notice] 1#1: start worker process 29
2026/06/04 23:34:49 [notice] 1#1: signal 3 (SIGQUIT) received, shutting down
2026/06/04 23:34:49 [notice] 29#29: gracefully shutting down
2026/06/04 23:34:49 [notice] 29#29: exiting
2026/06/04 23:34:49 [notice] 29#29: exit
2026/06/04 23:34:49 [notice] 1#1: signal 17 (SIGCHLD) received from 29
2026/06/04 23:34:49 [notice] 1#1: worker process 29 exited with code 0
2026/06/04 23:34:49 [notice] 1#1: exit
2026/06/04 23:41:41 [emerg] 1#1: unknown directive "llisten" in /etc/nginx/nginx.conf:8
2026/06/04 23:41:43 [emerg] 1#1: unknown directive "llisten" in /etc/nginx/nginx.conf:8
2026/06/04 23:41:44 [emerg] 1#1: unknown directive "llisten" in /etc/nginx/nginx.conf:8
2026/06/04 23:41:46 [emerg] 1#1: unknown directive "llisten" in /etc/nginx/nginx.conf:8
2026/06/04 23:41:48 [emerg] 1#1: unknown directive "llisten" in /etc/nginx/nginx.conf:8
2026/06/04 23:41:51 [emerg] 1#1: unknown directive "llisten" in /etc/nginx/nginx.conf:8
2026/06/04 23:41:55 [emerg] 1#1: unknown directive "llisten" in /etc/nginx/nginx.conf:8
2026/06/04 23:42:02 [emerg] 1#1: unknown directive "llisten" in /etc/nginx/nginx.conf:8
2026/06/04 23:42:16 [emerg] 1#1: unknown directive "llisten" in /etc/nginx/nginx.conf:8
2026/06/04 23:42:42 [emerg] 1#1: unknown directive "llisten" in /etc/nginx/nginx.conf:8
2026/06/04 23:43:34 [emerg] 1#1: unknown directive "llisten" in /etc/nginx/nginx.conf:8
2026/06/04 23:44:35 [emerg] 1#1: unknown directive "llisten" in /etc/nginx/nginx.conf:8
2026/06/04 23:45:36 [emerg] 1#1: unknown directive "llisten" in /etc/nginx/nginx.conf:8
2026/06/04 23:46:38 [emerg] 1#1: unknown directive "llisten" in /etc/nginx/nginx.conf:8
2026/06/04 23:47:39 [emerg] 1#1: unknown directive "llisten" in /etc/nginx/nginx.conf:8
2026/06/04 23:48:40 [emerg] 1#1: unknown directive "llisten" in /etc/nginx/nginx.conf:8
2026/06/04 23:49:41 [emerg] 1#1: unknown directive "loction" in /etc/nginx/nginx.conf:12
2026/06/04 23:50:26 [emerg] 1#1: unknown directive "loction" in /etc/nginx/nginx.conf:12
2026/06/04 23:50:28 [emerg] 1#1: unknown directive "loction" in /etc/nginx/nginx.conf:12
2026/06/04 23:50:30 [emerg] 1#1: unknown directive "loction" in /etc/nginx/nginx.conf:12
2026/06/04 23:50:31 [emerg] 1#1: unknown directive "loction" in /etc/nginx/nginx.conf:12
2026/06/04 23:50:33 [emerg] 1#1: unknown directive "loction" in /etc/nginx/nginx.conf:12
2026/06/04 23:50:35 [emerg] 1#1: unknown directive "loction" in /etc/nginx/nginx.conf:12
2026/06/04 23:50:40 [emerg] 1#1: unknown directive "loction" in /etc/nginx/nginx.conf:12
2026/06/04 23:50:47 [emerg] 1#1: unknown directive "loction" in /etc/nginx/nginx.conf:12
2026/06/04 23:51:00 [emerg] 1#1: unknown directive "loction" in /etc/nginx/nginx.conf:12
2026/06/04 23:51:27 [emerg] 1#1: unknown directive "loction" in /etc/nginx/nginx.conf:12
2026/06/04 23:52:19 [emerg] 1#1: unknown directive "loction" in /etc/nginx/nginx.conf:12
2026/06/04 23:53:20 [emerg] 1#1: unknown directive "loction" in /etc/nginx/nginx.conf:12
2026/06/04 23:54:20 [emerg] 1#1: unknown directive "loction" in /etc/nginx/nginx.conf:12
2026/06/04 23:55:21 [emerg] 1#1: unknown directive "loction" in /etc/nginx/nginx.conf:12
2026/06/04 23:56:22 [emerg] 1#1: unknown directive "loction" in /etc/nginx/nginx.conf:12
2026/06/04 23:57:24 [emerg] 1#1: unknown directive "loction" in /etc/nginx/nginx.conf:12
